Message sent by A1
%Bimip.MessageScheme{
  route: 6,
  payload: {:message,
   %Bimip.Message{
     id: "1",
     signal_offset: 0,
     user_offset: 0,
     from: %Bimip.Identity{
       eid: "a@domain.com",
       connection_resource_id: "aaaaa1",
       node: nil,
       __unknown_fields__: []
     },
     to: %Bimip.Identity{
       eid: "b@domain.com",
       connection_resource_id: "bbbbb1",
       node: nil,
       __unknown_fields__: []
     },
     timestamp: 1763891275582,
     payload: "{\"text\":\"Hello from BIMIP 👋\",\"attachments\":[]}",
     encryption_type: "none",
     encrypted: "",
     signature: "",
     signal_type: 1,
     signal_ack_state: nil,
     signal_request: 0,
     owner: nil,
     __unknown_fields__: []
   }},
  __unknown_fields__: []
}

ACK receive by A1 from server
%Bimip.MessageScheme{
  route: 7,
  payload: {:signal,
   %Bimip.Signal{
     id: "1",
     signal_offset: 1,
     user_offset: 1,
     status: 1,
     timestamp: 1763891574245,
     from: %Bimip.Identity{
       eid: "b@domain.com",
       connection_resource_id: "bbbbb1",
       node: nil,
       __unknown_fields__: []
     },
     to: %Bimip.Identity{
       eid: "a@domain.com",
       connection_resource_id: "aaaaa1",
       node: nil,
       __unknown_fields__: []
     },
     type: 2,
     signal_type: 1,
     error: nil,
     signal_lifecycle_state: nil,
     signal_ack_state: %Bimip.SignalAckState{
       send: true,
       delivered: false,
       read: false,
       advance_offset: true,
       __unknown_fields__: []
     },
     signal_request: 2,
     __unknown_fields__: []
   }},


   A2 receive message from same device
   %Bimip.MessageScheme{
  route: 6,
  payload: {:message,
   %Bimip.Message{
     id: "1",
     signal_offset: 1,
     user_offset: 1,
     from: %Bimip.Identity{
       eid: "a@domain.com",
       connection_resource_id: "aaaaa1",
       node: nil,
       __unknown_fields__: []
     },
     to: %Bimip.Identity{
       eid: "a@domain.com",
       connection_resource_id: "aaaaa2",
       node: nil,
       __unknown_fields__: []
     },
     timestamp: 1763891275582,
     payload: "{\"text\":\"Hello from BIMIP 👋\",\"attachments\":[]}",
     encryption_type: "none",
     encrypted: "",
     signature: "",
     signal_type: 2,
     signal_ack_state: %Bimip.SignalAckState{
       send: true,
       delivered: false,
       read: false,
       advance_offset: false,
       __unknown_fields__: []
     },
     signal_request: 2,
     owner: %Bimip.Identity{
       eid: "a@domain.com",
       connection_resource_id: "aaaaa1",
       node: nil,
       __unknown_fields__: []
     },
     __unknown_fields__: []
   }},
  __unknown_fields__: []
}

B1 receive the message
%Bimip.MessageScheme{
  route: 6,
  payload: {:message,
   %Bimip.Message{
     id: "1",
     signal_offset: 1,
     user_offset: 1,
     from: %Bimip.Identity{
       eid: "a@domain.com",
       connection_resource_id: "aaaaa1",
       node: nil,
       __unknown_fields__: []
     },
     to: %Bimip.Identity{
       eid: "b@domain.com",
       connection_resource_id: "bbbbb1",
       node: nil,
       __unknown_fields__: []
     },
     timestamp: 1763891275582,
     payload: "{\"text\":\"Hello from BIMIP 👋\",\"attachments\":[]}",
     encryption_type: "none",
     encrypted: "",
     signature: "",
     signal_type: 3,
     signal_ack_state: %Bimip.SignalAckState{
       send: true,
       delivered: false,
       read: false,
       advance_offset: false,
       __unknown_fields__: []
     },
     signal_request: 2,
     owner: %Bimip.Identity{
       eid: "a@domain.com",
       connection_resource_id: "aaaaa1",
       node: nil,
       __unknown_fields__: []
     },
     __unknown_fields__: []
   }},
  __unknown_fields__: []
}

B2 receive the message
%Bimip.MessageScheme{
  route: 6,
  payload: {:message,
   %Bimip.Message{
     id: "1",
     signal_offset: 1,
     user_offset: 1,
     from: %Bimip.Identity{
       eid: "a@domain.com",
       connection_resource_id: "aaaaa1",
       node: nil,
       __unknown_fields__: []
     },
     to: %Bimip.Identity{
       eid: "b@domain.com",
       connection_resource_id: "bbbbb2",
       node: nil,
       __unknown_fields__: []
     },
     timestamp: 1763891275582,
     payload: "{\"text\":\"Hello from BIMIP 👋\",\"attachments\":[]}",
     encryption_type: "none",
     encrypted: "",
     signature: "",
     signal_type: 3,
     signal_ack_state: %Bimip.SignalAckState{
       send: true,
       delivered: false,
       read: false,
       advance_offset: false,
       __unknown_fields__: []
     },
     signal_request: 2,
     owner: %Bimip.Identity{
       eid: "a@domain.com",
       connection_resource_id: "aaaaa1",
       node: nil,
       __unknown_fields__: []
     },
     __unknown_fields__: []
   }},
  __unknown_fields__: []
}

A2 send a message 
%Bimip.MessageScheme{
  route: 6,
  payload: {:message,
   %Bimip.Message{
     id: "2",
     signal_offset: 0,
     user_offset: 0,
     from: %Bimip.Identity{
       eid: "a@domain.com",
       connection_resource_id: "aaaaa2",
       node: nil,
       __unknown_fields__: []
     },
     to: %Bimip.Identity{
       eid: "b@domain.com",
       connection_resource_id: "bbbbb2",
       node: nil,
       __unknown_fields__: []
     },
     timestamp: 1763891330800,
     payload: "{\"text\":\"Hello from BIMIP 👋\",\"attachments\":[]}",
     encryption_type: "none",
     encrypted: "",
     signature: "",
     signal_type: 1,
     signal_ack_state: nil,
     signal_request: 0,
     owner: nil,
     __unknown_fields__: []
   }},
  __unknown_fields__: []
}

A2 GOT ACK FROM server
%Bimip.MessageScheme{
  route: 7,
  payload: {:signal,
   %Bimip.Signal{
     id: "2",
     signal_offset: 2,
     user_offset: 2,
     status: 1,
     timestamp: 1763891584743,
     from: %Bimip.Identity{
       eid: "b@domain.com",
       connection_resource_id: "bbbbb2",
       node: nil,
       __unknown_fields__: []
     },
     to: %Bimip.Identity{
       eid: "a@domain.com",
       connection_resource_id: "aaaaa2",
       node: nil,
       __unknown_fields__: []
     },
     type: 2,
     signal_type: 1,
     error: nil,
     signal_lifecycle_state: nil,
     signal_ack_state: %Bimip.SignalAckState{
       send: true,
       delivered: false,
       read: false,
       advance_offset: true,
       __unknown_fields__: []
     },
     signal_request: 2,
     __unknown_fields__: []
   }},
  __unknown_fields__: []
}

 A1 RECEIVE THE Message
 %Bimip.MessageScheme{
  route: 6,
  payload: {:message,
   %Bimip.Message{
     id: "2",
     signal_offset: 2,
     user_offset: 2,
     from: %Bimip.Identity{
       eid: "a@domain.com",
       connection_resource_id: "aaaaa2",
       node: nil,
       __unknown_fields__: []
     },
     to: %Bimip.Identity{
       eid: "a@domain.com",
       connection_resource_id: "aaaaa1",
       node: nil,
       __unknown_fields__: []
     },
     timestamp: 1763891330800,
     payload: "{\"text\":\"Hello from BIMIP 👋\",\"attachments\":[]}",
     encryption_type: "none",
     encrypted: "",
     signature: "",
     signal_type: 2,
     signal_ack_state: %Bimip.SignalAckState{
       send: true,
       delivered: false,
       read: false,
       advance_offset: false,
       __unknown_fields__: []
     },
     signal_request: 2,
     owner: %Bimip.Identity{
       eid: "a@domain.com",
       connection_resource_id: "aaaaa2",
       node: nil,
       __unknown_fields__: []
     },
     __unknown_fields__: []
   }},
  __unknown_fields__: []
}
iex(2)> 


B1 receive the mesage
%Bimip.MessageScheme{
  route: 6,
  payload: {:message,
   %Bimip.Message{
     id: "2",
     signal_offset: 2,
     user_offset: 2,
     from: %Bimip.Identity{
       eid: "a@domain.com",
       connection_resource_id: "aaaaa2",
       node: nil,
       __unknown_fields__: []
     },
     to: %Bimip.Identity{
       eid: "b@domain.com",
       connection_resource_id: "bbbbb1",
       node: nil,
       __unknown_fields__: []
     },
     timestamp: 1763891330800,
     payload: "{\"text\":\"Hello from BIMIP 👋\",\"attachments\":[]}",
     encryption_type: "none",
     encrypted: "",
     signature: "",
     signal_type: 3,
     signal_ack_state: %Bimip.SignalAckState{
       send: true,
       delivered: false,
       read: false,
       advance_offset: false,
       __unknown_fields__: []
     },
     signal_request: 2,
     owner: %Bimip.Identity{
       eid: "a@domain.com",
       connection_resource_id: "aaaaa2",
       node: nil,
       __unknown_fields__: []
     },
     __unknown_fields__: []
   }},
  __unknown_fields__: []
}
iex(2)> 

B2 RECEIVE THE Message
%Bimip.MessageScheme{
  route: 6,
  payload: {:message,
   %Bimip.Message{
     id: "2",
     signal_offset: 2,
     user_offset: 2,
     from: %Bimip.Identity{
       eid: "a@domain.com",
       connection_resource_id: "aaaaa2",
       node: nil,
       __unknown_fields__: []
     },
     to: %Bimip.Identity{
       eid: "b@domain.com",
       connection_resource_id: "bbbbb2",
       node: nil,
       __unknown_fields__: []
     },
     timestamp: 1763891330800,
     payload: "{\"text\":\"Hello from BIMIP 👋\",\"attachments\":[]}",
     encryption_type: "none",
     encrypted: "",
     signature: "",
     signal_type: 3,
     signal_ack_state: %Bimip.SignalAckState{
       send: true,
       delivered: false,
       read: false,
       advance_offset: false,
       __unknown_fields__: []
     },
     signal_request: 2,
     owner: %Bimip.Identity{
       eid: "a@domain.com",
       connection_resource_id: "aaaaa2",
       node: nil,
       __unknown_fields__: []
     },
     __unknown_fields__: []
   }},
  __unknown_fields__: []
}

B1 seend a message
%Bimip.MessageScheme{
  route: 6,
  payload: {:message,
   %Bimip.Message{
     id: "3",
     signal_offset: 0,
     user_offset: 0,
     from: %Bimip.Identity{
       eid: "b@domain.com",
       connection_resource_id: "bbbbb1",
       node: nil,
       __unknown_fields__: []
     },
     to: %Bimip.Identity{
       eid: "a@domain.com",
       connection_resource_id: "aaaaa2",
       node: nil,
       __unknown_fields__: []
     },
     timestamp: 1763891504185,
     payload: "{\"text\":\"Hello from BIMIP 👋\",\"attachments\":[]}",
     encryption_type: "none",
     encrypted: "",
     signature: "",
     signal_type: 1,
     signal_ack_state: nil,
     signal_request: 0,
     owner: nil,
     __unknown_fields__: []
   }},
  __unknown_fields__: []
}

B1 get ack from server
%Bimip.MessageScheme{
  route: 7,
  payload: {:signal,
   %Bimip.Signal{
     id: "3",
     signal_offset: 3,
     user_offset: 3,
     status: 1,
     timestamp: 1763891596707,
     from: %Bimip.Identity{
       eid: "a@domain.com",
       connection_resource_id: "aaaaa2",
       node: nil,
       __unknown_fields__: []
     },
     to: %Bimip.Identity{
       eid: "b@domain.com",
       connection_resource_id: "bbbbb1",
       node: nil,
       __unknown_fields__: []
     },
     type: 2,
     signal_type: 1,
     error: nil,
     signal_lifecycle_state: nil,
     signal_ack_state: %Bimip.SignalAckState{
       send: true,
       delivered: false,
       read: false,
       advance_offset: true,
       __unknown_fields__: []
     },
     signal_request: 2,
     __unknown_fields__: []
   }},
  __unknown_fields__: []
}


B1 RECEICE THE MESSAGE
%Bimip.MessageScheme{
  route: 6,
  payload: {:message,
   %Bimip.Message{
     id: "3",
     signal_offset: 3,
     user_offset: 3,
     from: %Bimip.Identity{
       eid: "b@domain.com",
       connection_resource_id: "bbbbb1",
       node: nil,
       __unknown_fields__: []
     },
     to: %Bimip.Identity{
       eid: "b@domain.com",
       connection_resource_id: "bbbbb2",
       node: nil,
       __unknown_fields__: []
     },
     timestamp: 1763891504185,
     payload: "{\"text\":\"Hello from BIMIP 👋\",\"attachments\":[]}",
     encryption_type: "none",
     encrypted: "",
     signature: "",
     signal_type: 2,
     signal_ack_state: %Bimip.SignalAckState{
       send: true,
       delivered: false,
       read: false,
       advance_offset: false,
       __unknown_fields__: []
     },
     signal_request: 2,
     owner: %Bimip.Identity{
       eid: "b@domain.com",
       connection_resource_id: "bbbbb1",
       node: nil,
       __unknown_fields__: []
     },
     __unknown_fields__: []
   }},
  __unknown_fields__: []
}

a1 receive the message
%Bimip.MessageScheme{
  route: 6,
  payload: {:message,
   %Bimip.Message{
     id: "3",
     signal_offset: 3,
     user_offset: 3,
     from: %Bimip.Identity{
       eid: "b@domain.com",
       connection_resource_id: "bbbbb1",
       node: nil,
       __unknown_fields__: []
     },
     to: %Bimip.Identity{
       eid: "a@domain.com",
       connection_resource_id: "aaaaa1",
       node: nil,
       __unknown_fields__: []
     },
     timestamp: 1763891504185,
     payload: "{\"text\":\"Hello from BIMIP 👋\",\"attachments\":[]}",
     encryption_type: "none",
     encrypted: "",
     signature: "",
     signal_type: 3,
     signal_ack_state: %Bimip.SignalAckState{
       send: true,
       delivered: false,
       read: false,
       advance_offset: false,
       __unknown_fields__: []
     },
     signal_request: 2,
     owner: %Bimip.Identity{
       eid: "b@domain.com",
       connection_resource_id: "bbbbb1",
       node: nil,
       __unknown_fields__: []
     },
     __unknown_fields__: []
   }},
  __unknown_fields__: []
}


a2 receive the message
%Bimip.MessageScheme{
  route: 6,
  payload: {:message,
   %Bimip.Message{
     id: "3",
     signal_offset: 3,
     user_offset: 3,
     from: %Bimip.Identity{
       eid: "b@domain.com",
       connection_resource_id: "bbbbb1",
       node: nil,
       __unknown_fields__: []
     },
     to: %Bimip.Identity{
       eid: "a@domain.com",
       connection_resource_id: "aaaaa2",
       node: nil,
       __unknown_fields__: []
     },
     timestamp: 1763891504185,
     payload: "{\"text\":\"Hello from BIMIP 👋\",\"attachments\":[]}",
     encryption_type: "none",
     encrypted: "",
     signature: "",
     signal_type: 3,
     signal_ack_state: %Bimip.SignalAckState{
       send: true,
       delivered: false,
       read: false,
       advance_offset: false,
       __unknown_fields__: []
     },
     signal_request: 2,
     owner: %Bimip.Identity{
       eid: "b@domain.com",
       connection_resource_id: "bbbbb1",
       node: nil,
       __unknown_fields__: []
     },
     __unknown_fields__: []
   }},
  __unknown_fields__: []
}


Resume A1
%Bimip.MessageScheme{
  route: 7,
  payload: {:signal,
   %Bimip.Signal{
     id: "",
     signal_offset: 0,
     user_offset: 0,
     status: 7,
     timestamp: 1763894792,
     from: %Bimip.Identity{
       eid: "a@domain.com",
       connection_resource_id: "aaaaa1",
       node: nil,
       __unknown_fields__: []
     },
     to: %Bimip.Identity{
       eid: "b@domain.com",
       connection_resource_id: "",
       node: nil,
       __unknown_fields__: []
     },
     type: 1,
     signal_type: 0,
     error: nil,
     signal_lifecycle_state: nil,
     signal_ack_state: nil,
     signal_request: 0,
     __unknown_fields__: []
   }},
  __unknown_fields__: []
}


%Bimip.MessageScheme{
  route: 6,
  payload: {:message,
   %Bimip.Message{
     id: "2",
     signal_offset: 2,
     user_offset: 2,
     from: %Bimip.Identity{
       eid: "a@domain.com",
       connection_resource_id: "aaaaa2",
       node: nil,
       __unknown_fields__: []
     },
     to: %Bimip.Identity{
       eid: "a@domain.com",
       connection_resource_id: "aaaaa1",
       node: nil,
       __unknown_fields__: []
     },
     timestamp: 1763896464472,
     payload: "{\"text\":\"Hello from BIMIP 👋\",\"attachments\":[]}",
     encryption_type: "none",
     encrypted: "",
     signature: "",
     signal_type: 2,
     signal_ack_state: %Bimip.SignalAckState{
       send: true,
       delivered: false,
       read: false,
       advance_offset: false,
       __unknown_fields__: []
     },
     signal_request: 2,
     owner: %Bimip.Identity{
       eid: "b@domain.com",
       connection_resource_id: "bbbbb2",
       node: nil,
       __unknown_fields__: []
     },
     __unknown_fields__: []
   }},
  __unknown_fields__: []
}


%Bimip.MessageScheme{
  route: 7,
  payload: {:signal,
   %Bimip.Signal{
     id: "2",
     signal_offset: 2,
     user_offset: 2,
     status: 1,
     timestamp: 1763908084259,
     from: %Bimip.Identity{
       eid: "b@domain.com",
       connection_resource_id: nil,
       node: nil,
       __unknown_fields__: []
     },
     to: %Bimip.Identity{
       eid: "a@domain.com",
       connection_resource_id: "aaaaa1",
       node: nil,
       __unknown_fields__: []
     },
     type: 2,
     signal_type: 1,
     error: nil,
     signal_lifecycle_state: nil,
     signal_ack_state: %Bimip.SignalAckState{
       send: true,
       delivered: false,
       read: false,
       advance_offset: true,
       __unknown_fields__: []
     },
     signal_request: 2,
     __unknown_fields__: []
   }},
  __unknown_fields__: []
}


resume A2 PULL
%Bimip.MessageScheme{
  route: 6,
  payload: {:message,
   %Bimip.Message{
     id: "1",
     signal_offset: 1,
     user_offset: 1,
     from: %Bimip.Identity{
       eid: "a@domain.com",
       connection_resource_id: "aaaaa1",
       node: nil,
       __unknown_fields__: []
     },
     to: %Bimip.Identity{
       eid: "a@domain.com",
       connection_resource_id: "aaaaa2",
       node: nil,
       __unknown_fields__: []
     },
     timestamp: 1763900582884,
     payload: "{\"text\":\"Hello from BIMIP 👋\",\"attachments\":[]}",
     encryption_type: "none",
     encrypted: "",
     signature: "",
     signal_type: 2,
     signal_ack_state: %Bimip.SignalAckState{
       send: true,
       delivered: false,
       read: false,
       advance_offset: false,
       __unknown_fields__: []
     },
     signal_request: 2,
     owner: %Bimip.Identity{
       eid: "a@domain.com",
       connection_resource_id: "aaaaa1",
       node: nil,
       __unknown_fields__: []
     },
     __unknown_fields__: []
   }},
  __unknown_fields__: []
}
iex(2)> 

resume B1 pull
%Bimip.MessageScheme{
  route: 6,
  payload: {:message,
   %Bimip.Message{
     id: "1",
     signal_offset: 1,
     user_offset: 1,
     from: %Bimip.Identity{
       eid: "a@domain.com",
       connection_resource_id: "aaaaa1",
       node: nil,
       __unknown_fields__: []
     },
     to: %Bimip.Identity{
       eid: "b@domain.com",
       connection_resource_id: "bbbbb1",
       node: nil,
       __unknown_fields__: []
     },
     timestamp: 1763900587343,
     payload: "{\"text\":\"Hello from BIMIP 👋\",\"attachments\":[]}",
     encryption_type: "none",
     encrypted: "",
     signature: "",
     signal_type: 3,
     signal_ack_state: %Bimip.SignalAckState{
       send: true,
       delivered: false,
       read: false,
       advance_offset: false,
       __unknown_fields__: []
     },
     signal_request: 2,
     owner: %Bimip.Identity{
       eid: "a@domain.com",
       connection_resource_id: "aaaaa1",
       node: nil,
       __unknown_fields__: []
     },
     __unknown_fields__: []
   }},
  __unknown_fields__: []
}